// Vitest Snapshot v1, https://vitest.dev/guide/snapshot.html

exports[`should render Header correctly 1`] = `
<DocumentFragment>
  <header>
    <h1>
      Expensify
    </h1>
    <a
      aria-current="page"
      class="nav-is-active"
      data-discover="true"
      href="/"
    >
      DashBoard
    </a>
    <a
      class=""
      data-discover="true"
      href="/create"
    >
      Create Expense
    </a>
    <a
      class=""
      data-discover="true"
      href="/edit"
    >
      Edit Expense
    </a>
    <a
      class=""
      data-discover="true"
      href="/help"
    >
      Help
    </a>
  </header>
</DocumentFragment>
`;
